az álom
a képzelet
a távolság
a valóság
egy álom
egy képzelet
egy távolság
egy valóság
lehet, hogy az álom
lehet, hogy a képzelet